Num ROIs: 811 of 1300
Final sparsity: 0.6238461538461538
Method used to calculate ROIs: elasticnet
Sparsity threshold: 0.5
