Num ROIs: 934 of 1300
Final sparsity: 0.7184615384615385
Method used to calculate ROIs: random
Sparsity threshold: 0.5
